Django kurulumu: 
cmd line açılır. 

C:\Users\Dilek Isik>cd desktop

C:\Users\Dilek Isik\Desktop>mkdir Django_Project

C:\Users\Dilek Isik\Desktop>cd Django_Project

C:\Users\Dilek Isik\Desktop\Django_Project>pip install virtualenv

C:\Users\Dilek Isik\Desktop\DJANGO_PROJECT>pip install djangoenv

C:\Users\Dilek Isik\Desktop\Django_Project\Djangoenv> cd Scripts

C:\Users\Dilek Isik\Desktop\Django_Project\Djangoenv\Scripts>

C:\Users\Dilek Isik\Desktop\Django_Project\Djangoenv\Scripts>activate.bat

(Djangoenv) C:\Users\Dilek Isik\Desktop\Django_Project\Djangoenv\Scripts>

\Scripts>cd C:\Users\Dilek Isik\Desktop\Django\

(Djangoenv) C:\Users\Dilek Isik\Desktop\Django>pip install django
Collecting django
  
(Djangoenv) C:\Users\Dilek Isik\Desktop\Django_Project>C:\Users\Dilek Isik\Desktop\Django_Project\\C:\Users\Dilek Isik\Desktop\Django_Project\

VISUAL STUDIO CODE içerisinde: Bash terminal açılır: 
terminalde Scripts folder a gidilir ve activate yazılır. 


Dilek Isik@WINDOWS-PEC2R0F MINGW64 ~/Desktop/Django_Project
$ django-admin startproject todo_project

Dilek Isik@WINDOWS-PEC2R0F MINGW64 ~/Desktop/Django_Project
$ source "c:/Users/Dilek Isik/Desktop/Django_Project/djangoenv/Scripts/activate"

(djangoenv)
Dilek Isik@WINDOWS-PEC2R0F MINGW64 ~/Desktop/Django_Project
$ cd todo_project/

(djangoenv) 
Dilek Isik@WINDOWS-PEC2R0F MINGW64 ~/Desktop/Django_Project/todo_project
$ python manage.py runserver

CTRL+C server durdur

Dilek Isik@WINDOWS-PEC2R0F MINGW64 ~/Desktop/Django_Project/todo_project
$ python manage.py migrate
Operations to perform:
  Apply all migrations: admin, auth, contenttypes, sessions
Running migrations:
  Applying contenttypes.0001_initial... OK
  Applying auth.0001_initial... OK
  Applying admin.0001_initial... OK
  Applying admin.0002_logentry_remove_auto_add... OK
  Applying admin.0003_logentry_add_action_flag_choices... OK
  Applying contenttypes.0002_remove_content_type_name... OK
  Applying auth.0002_alter_permission_name_max_length... OK
  Applying auth.0003_alter_user_email_max_length... OK
  Applying auth.0004_alter_user_username_opts... OK
  Applying auth.0005_alter_user_last_login_null... OK
  Applying auth.0006_require_contenttypes_0002... OK
  Applying auth.0007_alter_validators_add_error_messages... OK
  Applying auth.0008_alter_user_username_max_length... OK
  Applying auth.0009_alter_user_last_name_max_length... OK
  Applying auth.0010_alter_group_name_max_length... OK
  Applying auth.0011_update_proxy_permissions... OK
  Applying sessions.0001_initial... OK

Dilek Isik@WINDOWS-PEC2R0F MINGW64 ~/Desktop/Django_Project/todo_project
$ python manage.py runserver
Watching for file changes with StatReloader
Performing system checks...

System check identified no issues (0 silenced).
April 21, 2020 - 23:48:02
Django version 3.0.5, using settings 'todo_project.settings'
Starting development server at http://127.0.0.1:8000/
Quit the server with CTRL-BREAK.

VSCODE da yeni terminal açılır. 
todo_project folder a gidilir
python manage.py createsuperuser kullanılarak ad email şifre girilir.


